==============================================================================
Probe 1: UCI Default of Credit Card Clients (Taiwan) through OpenML
run of 2026-07-27T19:47:55+00:00
==============================================================================
[fetch]  fetch_openml('default-of-credit-card-clients', version=1, as_frame=False, parser='liac-arff') in 0.16 s
[fetch]  OpenML data id 42477, name default-of-credit-card-clients, version 1, format ARFF, target attr y
[shape]  n = 30000, d = 23, dtype float64
[shape]  ARFF feature names: x1 x2 x3 x4 x5 x6 x7 x8 x9 x10 x11 x12 x13 x14 x15 x16 x17 x18 x19 x20 x21 x22 x23
[target] classes ['0', '1'] counts [23364, 6636] -> positive (default) share 0.2212
[nan]    non-finite cells in X: 0 ; in y: 0
[dup]    exactly duplicated rows: 56

[columns] measured profile, with the UCI dictionary name asserted against it
  col UCI name             min       median          max           sd  n_uniq mode_frac
  0   LIMIT_BAL        10000.0     140000.0    1000000.0     129747.7      81    0.112
  1   SEX                  1.0          2.0          2.0          0.5       2    0.604
  2   EDUCATION            0.0          2.0          6.0          0.8       7    0.468
  3   MARRIAGE             0.0          2.0          3.0          0.5       4    0.532
  4   AGE                 21.0         34.0         79.0          9.2      56    0.053
  5   PAY_0               -2.0          0.0          8.0          1.1      11    0.491
  6   PAY_2               -2.0          0.0          8.0          1.2      11    0.524
  7   PAY_3               -2.0          0.0          8.0          1.2      11    0.525
  8   PAY_4               -2.0          0.0          8.0          1.2      11    0.548
  9   PAY_5               -2.0          0.0          8.0          1.1      10    0.565
  10  PAY_6               -2.0          0.0          8.0          1.1      10    0.543
  11  BILL_AMT1      -165580.0      22381.5     964511.0      73635.9   22723    0.067
  12  BILL_AMT2       -69777.0      21200.0     983931.0      71173.8   22346    0.084
  13  BILL_AMT3      -157264.0      20088.5    1664089.0      69349.4   22026    0.096
  14  BILL_AMT4      -170000.0      19052.0     891586.0      64332.9   21548    0.106
  15  BILL_AMT5       -81334.0      18104.5     927171.0      60797.2   21010    0.117
  16  BILL_AMT6      -339603.0      17071.0     961664.0      59554.1   20604    0.134
  17  PAY_AMT1             0.0       2100.0     873552.0      16563.3    7943    0.175
  18  PAY_AMT2             0.0       2009.0    1684259.0      23040.9    7899    0.180
  19  PAY_AMT3             0.0       1800.0     896040.0      17607.0    7518    0.199
  20  PAY_AMT4             0.0       1500.0     621000.0      15666.2    6937    0.214
  21  PAY_AMT5             0.0       1500.0     426529.0      15278.3    6897    0.223
  22  PAY_AMT6             0.0       1500.0     528666.0      17777.5    6939    0.239

[dictionary] mapping checks
  SEX is coded 1/2                                        PASS
  AGE lies in [20, 100]                                   PASS
  EDUCATION is a small integer code                       PASS
  MARRIAGE is a small integer code                        PASS
  PAY_0..PAY_6 are small signed integer codes             PASS
  LIMIT_BAL is a large positive amount                    PASS
  BILL_AMT1..6 take negative values (credit balances)     PASS
  PAY_AMT1..6 are non-negative                            PASS

[split]  stratified 70/30 at random_state = 20260723: train = 21000, test = 9000
[split]  positive share train 0.2212, test 0.2212, positives in test 1991

[tail-swap] effective bite: share of test rows whose value actually changes
  UCI name     p=0.125   p=0.25    p=0.5
  LIMIT_BAL      0.250    0.500    0.979
  SEX            0.250    0.500    0.784
  EDUCATION      0.250    0.500    0.712
  MARRIAGE       0.250    0.500    0.921
  AGE            0.250    0.500    0.988
  PAY_0          0.250    0.500    0.556
  PAY_2          0.250    0.500    0.649
  PAY_3          0.250    0.500    0.662
  PAY_4          0.250    0.500    0.668
  PAY_5          0.250    0.500    0.672
  PAY_6          0.250    0.500    0.700
  BILL_AMT1      0.250    0.500    1.000
  BILL_AMT2      0.250    0.500    1.000
  BILL_AMT3      0.250    0.500    1.000
  BILL_AMT4      0.250    0.500    1.000
  BILL_AMT5      0.250    0.500    1.000
  BILL_AMT6      0.250    0.500    1.000
  PAY_AMT1       0.250    0.500    1.000
  PAY_AMT2       0.250    0.500    1.000
  PAY_AMT3       0.250    0.500    1.000
  PAY_AMT4       0.250    0.500    0.991
  PAY_AMT5       0.250    0.500    0.997
  PAY_AMT6       0.250    0.500    0.988
  mean over columns:     0.250    0.500    0.881
