[    0.0] loading OpenML 42477
[    0.2] n_test=9000 d=23 positive share 0.221222
[    1.1] models fitted
[    1.1] logit scalar precompute done
[    3.0] rf scalar precompute done
PASS y_test identical to the run                                    mine=+0.0000000000  run=+0.0000000000  gap=0.00e+00 (tol 0e+00)
PASS logit point scalar RGA                                         mine=+0.7511335897  run=+0.7511335897  gap=0.00e+00 (tol 0e+00)
PASS logit point scalar RGE                                         mine=+0.9924954546  run=+0.9924954546  gap=0.00e+00 (tol 0e+00)
PASS logit point scalar RGR                                         mine=+0.9490714253  run=+0.9490714253  gap=0.00e+00 (tol 0e+00)
PASS logit point C geomean                                          mine=+0.8910762516  run=+0.8910762516  gap=0.00e+00 (tol 0e+00)
PASS rf point scalar RGA                                            mine=+0.7653610059  run=+0.7653610059  gap=0.00e+00 (tol 1e-06)
PASS rf point scalar RGE                                            mine=+0.9860630414  run=+0.9860630425  gap=1.08e-09 (tol 1e-06)
PASS rf point scalar RGR                                            mine=+0.8536128208  run=+0.8536128208  gap=0.00e+00 (tol 1e-06)
PASS rf point C geomean                                             mine=+0.8636623364  run=+0.8636623368  gap=3.15e-10 (tol 1e-06)
[    3.0] redraw perturbation predictions
[    8.1]   logit redraw predictions done
[  191.6]   rf redraw predictions done
[  191.6] chain replicates
[  203.3]   chain 500/2000
[  215.1]   chain 1000/2000
[  226.8]   chain 1500/2000
[  238.5]   chain 2000/2000
PASS chain fixed_draw rho                                           mine=+0.7836363097  run=+0.7836363204  gap=1.06e-08 (tol 1e-03)
PASS chain fixed_draw h_point                                       mine=+0.7695889974  run=+0.7695889976  gap=2.81e-10 (tol 1e-06)
PASS chain fixed_draw width measured                                mine=+0.0188241409  run=+0.0188241408  gap=3.25e-11 (tol 1e-06)
PASS chain fixed_draw width declared zero                           mine=+0.0141030087  run=+0.0141030087  gap=6.84e-11 (tol 1e-06)
PASS chain fixed_draw understatement pct                            mine=+25.0801998364  run=+25.0802000706  gap=2.34e-07 (tol 1e-02)
PASS chain redraw rho                                               mine=+0.7252905759  run=+0.7252908266  gap=2.51e-07 (tol 1e-03)
PASS chain redraw h_point                                           mine=+0.7695889974  run=+0.7695889976  gap=2.81e-10 (tol 1e-06)
PASS chain redraw width measured                                    mine=+0.0189682468  run=+0.0189682522  gap=5.35e-09 (tol 1e-06)
PASS chain redraw width declared zero                               mine=+0.0144597450  run=+0.0144597481  gap=3.16e-09 (tol 1e-06)
PASS chain redraw understatement pct                                mine=+23.7686797684  run=+23.7686845882  gap=4.82e-06 (tol 1e-02)
[  238.5] chain block done
FINISHED
